// Jest Snapshot v1, https://goo.gl/fbAQLP

exports[`Should render the Not Found Page 1`] = `
<div>
  404! Not Found Page!
  <Link
    replace={false}
    to="/"
  >
    Go Home
  </Link>
</div>
`;
